Microchip MPLAB XC8 Compiler V2.32

Linker command line:

-W-3 --edf=C:\Program Files\Microchip\xc8\v2.32\pic\dat\en_msgs.txt -cn \
  -h+dist/default/production\4way_renewable_source_switch.X.production.sym \
  --cmf=dist/default/production\4way_renewable_source_switch.X.production.cmf \
  -z -Q16F877A -oC:\Users\olate\AppData\Local\Temp\xcAsa9s.4 \
  --defsym=__MPLAB_BUILD=1 \
  -Mdist/default/production/4way_renewable_source_switch.X.production.map \
  -E1 -ver=XC8 Compiler --acfsm=1493 -ASTACK=0110h-016Fh -pstack=STACK \
  -ACODE=00h-07FFhx4 -ASTRCODE=00h-01FFFh -ASTRING=00h-0FFhx32 \
  -ACONST=00h-0FFhx32 -AENTRY=00h-0FFhx32 -ACOMMON=070h-07Fh \
  -ABANK0=020h-06Fh -ABANK1=0A0h-0EFh -ABANK2=0110h-016Fh \
  -ABANK3=0190h-01EFh -ARAM=020h-06Fh,0A0h-0EFh,0110h-016Fh,0190h-01EFh \
  -AABS1=020h-07Fh,0A0h-0EFh,0110h-016Fh,0190h-01EFh -ASFR0=00h-01Fh \
  -ASFR1=080h-09Fh -ASFR2=0100h-010Fh -ASFR3=0180h-018Fh \
  -ACONFIG=02007h-02007h -DCONFIG=2 -AIDLOC=02000h-02003h -DIDLOC=2 \
  -AEEDATA=00h-0FFh/02100h -peeprom_data=EEDATA -DEEDATA=2 -DCODE=2 \
  -DSTRCODE=2 -DSTRING=2 -DCONST=2 -DENTRY=2 \
  -preset_vec=00h,intentry=04h,init,end_init -ppowerup=CODE -pcinit=CODE \
  -pfunctab=ENTRY -k C:\Users\olate\AppData\Local\Temp\xcAsa9s.o \
  dist/default/production\4way_renewable_source_switch.X.production.o 

Object code version is 3.11

Machine type is 16F877A



                Name                               Link     Load   Length Selector   Space Scale
C:\Users\olate\AppData\Local\Temp\xcAsa9s.o
                end_init                             10       10        3        8       0
                reset_vec                             0        0        3        0       0
                config                             2007     2007        1        0       4
dist/default/production\4way_renewable_source_switch.X.production.o
                cinit                                13       13       2C        8       0
                intentry                              4        4        C        8       0
                config                             2007     2007        1        0       4
                text37                              E5F      E5F       67     1CBE       0
                text36                              DAB      DAB       59     1B56       0
                text35                              BAF      BAF       36     175E       0
                text34                              A64      A64        D     14C8       0
                text33                              A13      A13        9     1426       0
                text32                              A1C      A1C        9     1438       0
                text31                              A7E      A7E        F     14FC       0
                text30                              6FE      6FE       8E      B98       0
                text29                              78C      78C       73      B98       0
                text28                              A40      A40        C     1480       0
                text27                              A9C      A9C       11     1538       0
                text26                              ADD      ADD       24     15BA       0
                text25                              D5D      D5D       4E     1ABA       0
                text24                              C59      C59       41     18B2       0
                text23                              A4C      A4C        C     1498       0
                text22                              AC0      AC0       1D     1580       0
                text21                              EC6      EC6       68     1D8C       0
                text20                              BE5      BE5       3A     17CA       0
                text19                              B28      B28       2B     1650       0
                text18                              F2E      F2E       69     1E5C       0
                text17                              E04      E04       5B     1C08       0
                text16                              B01      B01       27     1602       0
                text15                              42D      42D       EA        8       0
                text14                              C9A      C9A       41     1934       0
                text13                              CDB      CDB       41     19B6       0
                text12                              C1F      C1F       3A     183E       0
                text11                              A71      A71        D     14E2       0
                text10                              A25      A25        9     144A       0
                text9                               A2E      A2E        9     145C       0
                text8                               A8D      A8D        F     151A       0
                text7                               670      670       8E      B98       0
                text6                               B53      B53       2D     16A6       0
                text5                               B80      B80       2F     1700       0
                text4                               A37      A37        9     146E       0
                text3                               5CC      5CC       A4      B98       0
                text2                               D1C      D1C       41     1A38       0
                text1                               F97      F97       69     1F2E       0
                maintext                             3F       3F      3EE        8       0
                cstackBANK0                          20       20       24       20       1
                cstackCOMMON                         70       70        D       70       1
                cstackBANK1                          A0       A0       16       A0       1
                clrtext                             A0B      A0B        8     1416       0
                inittext                            AAD      AAD       13     155A       0
                dataBANK1                            B6       B6        C       A0       1
                bssBANK1                             C2       C2        4       A0       1
                dataBANK0                            57       57        2       20       1
                bssBANK0                             44       44       13       20       1
                strings                             517      517       B5      A2E       0
                idataBANK1                          A58      A58        C     14B0       0
                idataBANK0                          A09      A09        2     1412       0

TOTAL           Name                               Link     Load   Length     Space
        CLASS   STACK          

        CLASS   CODE           
                end_init                             10       10        3         0
                cinit                                13       13       2C         0
                intentry                              4        4        C         0
                reset_vec                             0        0        3         0
                text37                              E5F      E5F       67         0
                text36                              DAB      DAB       59         0
                text35                              BAF      BAF       36         0
                text34                              A64      A64        D         0
                text33                              A13      A13        9         0
                text32                              A1C      A1C        9         0
                text31                              A7E      A7E        F         0
                text30                              6FE      6FE       8E         0
                text29                              78C      78C       73         0
                text28                              A40      A40        C         0
                text27                              A9C      A9C       11         0
                text26                              ADD      ADD       24         0
                text25                              D5D      D5D       4E         0
                text24                              C59      C59       41         0
                text23                              A4C      A4C        C         0
                text22                              AC0      AC0       1D         0
                text21                              EC6      EC6       68         0
                text20                              BE5      BE5       3A         0
                text19                              B28      B28       2B         0
                text18                              F2E      F2E       69         0
                text17                              E04      E04       5B         0
                text16                              B01      B01       27         0
                text15                              42D      42D       EA         0
                text14                              C9A      C9A       41         0
                text13                              CDB      CDB       41         0
                text12                              C1F      C1F       3A         0
                text11                              A71      A71        D         0
                text10                              A25      A25        9         0
                text9                               A2E      A2E        9         0
                text8                               A8D      A8D        F         0
                text7                               670      670       8E         0
                text6                               B53      B53       2D         0
                text5                               B80      B80       2F         0
                text4                               A37      A37        9         0
                text3                               5CC      5CC       A4         0
                text2                               D1C      D1C       41         0
                text1                               F97      F97       69         0
                maintext                             3F       3F      3EE         0
                clrtext                             A0B      A0B        8         0
                inittext                            AAD      AAD       13         0
                idataBANK1                          A58      A58        C         0
                idataBANK0                          A09      A09        2         0

        CLASS   STRCODE        

        CLASS   STRING         
                strings                             517      517       B5         0

        CLASS   CONST          

        CLASS   ENTRY          

        CLASS   COMMON         
                cstackCOMMON                         70       70        D         1

        CLASS   BANK0          
                cstackBANK0                          20       20       24         1
                dataBANK0                            57       57        2         1
                bssBANK0                             44       44       13         1

        CLASS   BANK1          
                cstackBANK1                          A0       A0       16         1
                dataBANK1                            B6       B6        C         1
                bssBANK1                             C2       C2        4         1

        CLASS   BANK2          

        CLASS   BANK3          

        CLASS   RAM            

        CLASS   ABS1           
                abs_s1                               7E       7E        2         1

        CLASS   SFR0           

        CLASS   SFR1           

        CLASS   SFR2           

        CLASS   SFR3           

        CLASS   CONFIG         
                config                             2007     2007        1         4

        CLASS   IDLOC          

        CLASS   EEDATA         



SEGMENTS        Name                           Load    Length   Top    Selector   Space  Class     Delta

                reset_vec                      000000  000003  000003         0       0  CODE        2
                intentry                       000004  000513  000517         8       0  CODE        2
                cstackBANK0                    000020  000039  000059        20       1  BANK0       1
                cstackCOMMON                   000070  00000D  00007D        70       1  COMMON      1
                cstackBANK1                    0000A0  000026  0000C6        A0       1  BANK1       1
                strings                        000517  0000B5  0005CC       A2E       0  STRING      2
                text3                          0005CC  000233  0007FF       B98       0  CODE        2
                idataBANK0                     000A09  000002  000A0B      1412       0  CODE        2
                clrtext                        000A0B  000008  000A13      1416       0  CODE        2
                text33                         000A13  000009  000A1C      1426       0  CODE        2
                text32                         000A1C  000009  000A25      1438       0  CODE        2
                text10                         000A25  000009  000A2E      144A       0  CODE        2
                text9                          000A2E  000009  000A37      145C       0  CODE        2
                text4                          000A37  000009  000A40      146E       0  CODE        2
                text28                         000A40  00000C  000A4C      1480       0  CODE        2
                text23                         000A4C  00000C  000A58      1498       0  CODE        2
                idataBANK1                     000A58  00000C  000A64      14B0       0  CODE        2
                text34                         000A64  00000D  000A71      14C8       0  CODE        2
                text11                         000A71  00000D  000A7E      14E2       0  CODE        2
                text31                         000A7E  00000F  000A8D      14FC       0  CODE        2
                text8                          000A8D  00000F  000A9C      151A       0  CODE        2
                text27                         000A9C  000011  000AAD      1538       0  CODE        2
                inittext                       000AAD  000013  000AC0      155A       0  CODE        2
                text22                         000AC0  00001D  000ADD      1580       0  CODE        2
                text26                         000ADD  000024  000B01      15BA       0  CODE        2
                text16                         000B01  000027  000B28      1602       0  CODE        2
                text19                         000B28  00002B  000B53      1650       0  CODE        2
                text6                          000B53  00002D  000B80      16A6       0  CODE        2
                text5                          000B80  00002F  000BAF      1700       0  CODE        2
                text35                         000BAF  000036  000BE5      175E       0  CODE        2
                text20                         000BE5  00003A  000C1F      17CA       0  CODE        2
                text12                         000C1F  00003A  000C59      183E       0  CODE        2
                text24                         000C59  000041  000C9A      18B2       0  CODE        2
                text14                         000C9A  000041  000CDB      1934       0  CODE        2
                text13                         000CDB  000041  000D1C      19B6       0  CODE        2
                text2                          000D1C  000041  000D5D      1A38       0  CODE        2
                text25                         000D5D  00004E  000DAB      1ABA       0  CODE        2
                text36                         000DAB  000059  000E04      1B56       0  CODE        2
                text17                         000E04  00005B  000E5F      1C08       0  CODE        2
                text37                         000E5F  000067  000EC6      1CBE       0  CODE        2
                text21                         000EC6  000068  000F2E      1D8C       0  CODE        2
                text18                         000F2E  000069  000F97      1E5C       0  CODE        2
                text1                          000F97  000069  001000      1F2E       0  CODE        2


UNUSED ADDRESS RANGES

        Name                Unused          Largest block    Delta
        BANK0            0059-006F             17           1
        BANK1            00C6-00EF             2A           1
        BANK2            0110-016F             60           1
        BANK3            0190-01EF             60           1
        CODE             0003-0003              1           2
                         07FF-0A08              1
                         1000-1FFF            800
        COMMON           007D-007D              1           1
        CONST            0003-0003              1           2
                         07FF-0A08            100
                         1000-1FFF            100
        EEDATA           2100-21FF            100           2
        ENTRY            0003-0003              1           2
                         07FF-0A08            100
                         1000-1FFF            100
        IDLOC            2000-2003              4           2
        RAM              0059-006F             17           1
                         00C6-00EF             2A
                         0110-016F             60
                         0190-01EF             60
        SFR0             0000-001F             20           1
        SFR1             0080-009F             20           1
        SFR2             0100-010F             10           1
        SFR3             0180-018F             10           1
        STACK            0110-016F             60           1
        STRCODE          0003-0003              1           2
                         07FF-0A08            20A
                         1000-1FFF           1000
        STRING           0003-0003              1           2
                         07FF-0A08            100
                         1000-1FFF            100

                                  Symbol Table

?_BCD_2_DEC                        cstackBANK0  0032
?_DEC_2_BCD                        cstackBANK0  0035
?_I2C_Read                         cstackBANK0  002C
?___awdiv                          cstackBANK0  002C
?___awmod                          cstackBANK0  002C
?___lldiv                          cstackBANK0  002C
?___wmul                           cstackBANK0  002C
?i1_DEC_2_BCD                      cstackCOMMON 0079
?i1___awdiv                        cstackCOMMON 0070
?i1___awmod                        cstackCOMMON 0070
BCD_2_DEC@data                     cstackBANK0  0036
BCD_2_DEC@num                      cstackBANK0  0032
CURSOR@a                           cstackBANK0  0031
CURSOR@b                           cstackBANK0  002E
DEC_2_BCD@data                     cstackBANK0  0039
DEC_2_BCD@num                      cstackBANK0  0035
I2C_Initialize@feq_K               cstackBANK0  003A
I2C_Read@ack                       cstackBANK0  002C
I2C_Read@data                      cstackBANK0  0030
I2C_Write@data                     cstackBANK0  003B
ISR@dummy                          cstackBANK0  002A
LCDCHAR@character                  cstackBANK0  0032
LCDCHAR@j                          cstackBANK0  0031
LCDCHAR@k                          cstackBANK0  0030
LCDNUM@h                           cstackBANK0  0038
LCDNUM@number                      cstackBANK0  0035
LCDNUM@r                           cstackBANK0  003D
LCDNUM@t                           cstackBANK0  0039
LCDNUM@t_233                       cstackBANK0  003B
LCDNUM@u                           cstackBANK0  003A
LCDNUM@u_234                       cstackBANK0  003C
LCDWRITE@P                         cstackBANK0  0033
LCDWRITE@i                         cstackBANK0  0032
LCDWRITE@j                         cstackBANK0  0030
LCDWRITE@k                         cstackBANK0  0031
_ACKDT                             (abs)        048D
_ACKEN                             (abs)        048C
_ACKSTAT                           (abs)        048E
_ADCON0                            (abs)        001F
_ADCON0bits                        (abs)        001F
_ADCON1                            (abs)        009F
_ADRESH                            (abs)        001E
_ADRESL                            (abs)        009E
_BCD_2_DEC                         text6        0B53
_BIOGAS                            text24       0C59
_CLOCK                             text27       0A9C
_CLRDISP                           text22       0AC0
_CURSOR                            text26       0ADD
_DEC_2_BCD                         text12       0C1F
_GIE                               (abs)        005F
_I2C_Begin                         text10       0A25
_I2C_End                           text9        0A2E
_I2C_Hold                          text11       0A71
_I2C_Initialize                    text20       0BE5
_I2C_Read                          text5        0B80
_I2C_Restart                       text4        0A37
_I2C_Write                         text8        0A8D
_ISR                               text29       078C
_LCDCHAR                           text19       0B28
_LCDNUM                            text15       042D
_LCDWRITE                          text25       0D5D
_OPTION_REG                        (abs)        0081
_PEIE                              (abs)        005E
_PEN                               (abs)        048A
_PHCN                              text14       0C9A
_PORTB                             (abs)        0006
_PORTBbits                         (abs)        0006
_PORTD                             (abs)        0008
_RB4                               (abs)        0034
_RB6                               (abs)        0036
_RC4                               (abs)        003C
_RC5                               (abs)        003D
_RC6                               (abs)        003E
_RC7                               (abs)        003F
_RCEN                              (abs)        048B
_RD0                               (abs)        0040
_RD1                               (abs)        0041
_RD2                               (abs)        0042
_RD3                               (abs)        0043
_RD4                               (abs)        0044
_RD5                               (abs)        0045
_RSEN                              (abs)        0489
_SEN                               (abs)        0488
_SOLAR                             text13       0CDB
_SSPADD                            (abs)        0093
_SSPBUF                            (abs)        0013
_SSPCON                            (abs)        0014
_SSPCON2                           (abs)        0091
_SSPIE                             (abs)        0463
_SSPSTAT                           (abs)        0094
_Set_Time_Date                     text7        0670
_T1CON                             (abs)        0010
_TMR0                              (abs)        0001
_TMR0IE                            (abs)        005D
_TMR0IF                            (abs)        005A
_TMR1                              (abs)        000E
_TMR1IE                            (abs)        0460
_TMR1IF                            (abs)        0060
_TMR1ON                            (abs)        0080
_TRISA                             (abs)        0085
_TRISB                             (abs)        0086
_TRISBbits                         (abs)        0086
_TRISC0                            (abs)        0438
_TRISC3                            (abs)        043B
_TRISC4                            (abs)        043C
_TRISD                             (abs)        0088
_Update_Current_Date_Time          text3        05CC
_WIND                              text2        0D1C
__Habs1                            abs1         0000
__Hbank0                           bank0        0000
__Hbank1                           bank1        0000
__Hbank2                           bank2        0000
__Hbank3                           bank3        0000
__HbssBANK0                        bssBANK0     0000
__HbssBANK1                        bssBANK1     0000
__Hcinit                           cinit        003F
__Hclrtext                         clrtext      0000
__Hcode                            code         0000
__Hcommon                          common       0000
__Hconfig                          config       2008
__HcstackBANK0                     cstackBANK0  0000
__HcstackBANK1                     cstackBANK1  0000
__HcstackCOMMON                    cstackCOMMON 0000
__HdataBANK0                       dataBANK0    0000
__HdataBANK1                       dataBANK1    0000
__Heeprom_data                     eeprom_data  0000
__Hend_init                        end_init     0013
__Hfunctab                         functab      0000
__HidataBANK0                      idataBANK0   0000
__HidataBANK1                      idataBANK1   0000
__Hinit                            init         0010
__Hinittext                        inittext     0000
__Hintentry                        intentry     0010
__Hmaintext                        maintext     0000
__Hpowerup                         powerup      0000
__Hram                             ram          0000
__Hreset_vec                       reset_vec    0003
__Hsfr0                            sfr0         0000
__Hsfr1                            sfr1         0000
__Hsfr2                            sfr2         0000
__Hsfr3                            sfr3         0000
__Hspace_0                         (abs)        1000
__Hspace_1                         (abs)        00C6
__Hspace_2                         (abs)        0000
__Hspace_3                         (abs)        0000
__Hspace_4                         (abs)        400F
__Hstack                           stack        0000
__Hstrings                         strings      0000
__Htext                            text         0000
__Labs1                            abs1         0000
__Lbank0                           bank0        0000
__Lbank1                           bank1        0000
__Lbank2                           bank2        0000
__Lbank3                           bank3        0000
__LbssBANK0                        bssBANK0     0000
__LbssBANK1                        bssBANK1     0000
__Lcinit                           cinit        0013
__Lclrtext                         clrtext      0000
__Lcode                            code         0000
__Lcommon                          common       0000
__Lconfig                          config       0000
__LcstackBANK0                     cstackBANK0  0000
__LcstackBANK1                     cstackBANK1  0000
__LcstackCOMMON                    cstackCOMMON 0000
__LdataBANK0                       dataBANK0    0000
__LdataBANK1                       dataBANK1    0000
__Leeprom_data                     eeprom_data  0000
__Lend_init                        end_init     0010
__Lfunctab                         functab      0000
__LidataBANK0                      idataBANK0   0000
__LidataBANK1                      idataBANK1   0000
__Linit                            init         0010
__Linittext                        inittext     0000
__Lintentry                        intentry     0004
__Lmaintext                        maintext     0000
__Lpowerup                         powerup      0000
__Lram                             ram          0000
__Lreset_vec                       reset_vec    0000
__Lsfr0                            sfr0         0000
__Lsfr1                            sfr1         0000
__Lsfr2                            sfr2         0000
__Lsfr3                            sfr3         0000
__Lspace_0                         (abs)        0000
__Lspace_1                         (abs)        0000
__Lspace_2                         (abs)        0000
__Lspace_3                         (abs)        0000
__Lspace_4                         (abs)        0000
__Lstack                           stack        0000
__Lstrings                         strings      0000
__Ltext                            text         0000
__S0                               (abs)        1000
__S1                               (abs)        00C6
__S2                               (abs)        0000
__S3                               (abs)        0000
___awdiv                           text18       0F2E
___awdiv@counter                   cstackBANK0  0031
___awdiv@dividend                  cstackBANK0  002E
___awdiv@divisor                   cstackBANK0  002C
___awdiv@quotient                  cstackBANK0  0033
___awdiv@sign                      cstackBANK0  0032
___awmod                           text17       0E04
___awmod@counter                   cstackBANK0  0031
___awmod@dividend                  cstackBANK0  002E
___awmod@divisor                   cstackBANK0  002C
___awmod@sign                      cstackBANK0  0032
___int_sp                          stack        0000
___latbits                         (abs)        0002
___lldiv                           text21       0EC6
___lldiv@counter                   cstackBANK0  0039
___lldiv@dividend                  cstackBANK0  0030
___lldiv@divisor                   cstackBANK0  002C
___lldiv@quotient                  cstackBANK0  0035
___sp                              stack        0000
___stackhi                         (abs)        0000
___stacklo                         (abs)        0000
___wmul                            text16       0B01
___wmul@multiplicand               cstackBANK0  002E
___wmul@multiplier                 cstackBANK0  002C
___wmul@product                    cstackBANK0  0030
__end_of_BCD_2_DEC                 text6        0B80
__end_of_BIOGAS                    text24       0C9A
__end_of_CLOCK                     text27       0AAD
__end_of_CLRDISP                   text22       0ADD
__end_of_CURSOR                    text26       0B01
__end_of_DEC_2_BCD                 text12       0C59
__end_of_I2C_Begin                 text10       0A2E
__end_of_I2C_End                   text9        0A37
__end_of_I2C_Hold                  text11       0A7E
__end_of_I2C_Initialize            text20       0C1F
__end_of_I2C_Read                  text5        0BAF
__end_of_I2C_Restart               text4        0A40
__end_of_I2C_Write                 text8        0A9C
__end_of_ISR                       text29       07FF
__end_of_LCDCHAR                   text19       0B53
__end_of_LCDNUM                    text15       0517
__end_of_LCDWRITE                  text25       0DAB
__end_of_PHCN                      text14       0CDB
__end_of_SOLAR                     text13       0D1C
__end_of_Set_Time_Date             text7        06FE
__end_of_Update_Current_Date_Time  text3        0670
__end_of_WIND                      text2        0D5D
__end_of___awdiv                   text18       0F97
__end_of___awmod                   text17       0E5F
__end_of___lldiv                   text21       0F2E
__end_of___wmul                    text16       0B28
__end_of__initialization           cinit        003B
__end_of__stringtab                strings      051D
__end_of_config                    text1        1000
__end_of_delay1                    text23       0A58
__end_of_delay2                    text28       0A4C
__end_of_main                      maintext     042D
__end_ofexp@coeff                  strings      0545
__end_ofi1_DEC_2_BCD               text35       0BE5
__end_ofi1_I2C_Begin               text33       0A1C
__end_ofi1_I2C_End                 text32       0A25
__end_ofi1_I2C_Hold                text34       0A71
__end_ofi1_I2C_Write               text31       0A8D
__end_ofi1_Set_Time_Date           text30       078C
__end_ofi1___awdiv                 text37       0EC6
__end_ofi1___awmod                 text36       0E04
__end_oflog@coeff                  strings      0569
__initialization                   cinit        0013
__pbssBANK0                        bssBANK0     0044
__pbssBANK1                        bssBANK1     00C2
__pcstackBANK0                     cstackBANK0  0020
__pcstackBANK1                     cstackBANK1  00A0
__pcstackCOMMON                    cstackCOMMON 0070
__pdataBANK0                       dataBANK0    0057
__pdataBANK1                       dataBANK1    00B6
__pidataBANK0                      idataBANK0   0A09
__pidataBANK1                      idataBANK1   0A58
__pintentry                        intentry     0004
__pmaintext                        maintext     003F
__pstrings                         strings      0517
__ptext1                           text1        0F97
__ptext10                          text10       0A25
__ptext11                          text11       0A71
__ptext12                          text12       0C1F
__ptext13                          text13       0CDB
__ptext14                          text14       0C9A
__ptext15                          text15       042D
__ptext16                          text16       0B01
__ptext17                          text17       0E04
__ptext18                          text18       0F2E
__ptext19                          text19       0B28
__ptext2                           text2        0D1C
__ptext20                          text20       0BE5
__ptext21                          text21       0EC6
__ptext22                          text22       0AC0
__ptext23                          text23       0A4C
__ptext24                          text24       0C59
__ptext25                          text25       0D5D
__ptext26                          text26       0ADD
__ptext27                          text27       0A9C
__ptext28                          text28       0A40
__ptext29                          text29       078C
__ptext3                           text3        05CC
__ptext30                          text30       06FE
__ptext31                          text31       0A7E
__ptext32                          text32       0A1C
__ptext33                          text33       0A13
__ptext34                          text34       0A64
__ptext35                          text35       0BAF
__ptext36                          text36       0DAB
__ptext37                          text37       0E5F
__ptext4                           text4        0A37
__ptext5                           text5        0B80
__ptext6                           text6        0B53
__ptext7                           text7        0670
__ptext8                           text8        0A8D
__ptext9                           text9        0A2E
__size_of_BCD_2_DEC                (abs)        0000
__size_of_BIOGAS                   (abs)        0000
__size_of_CLOCK                    (abs)        0000
__size_of_CLRDISP                  (abs)        0000
__size_of_CURSOR                   (abs)        0000
__size_of_DEC_2_BCD                (abs)        0000
__size_of_I2C_Begin                (abs)        0000
__size_of_I2C_End                  (abs)        0000
__size_of_I2C_Hold                 (abs)        0000
__size_of_I2C_Initialize           (abs)        0000
__size_of_I2C_Read                 (abs)        0000
__size_of_I2C_Restart              (abs)        0000
__size_of_I2C_Write                (abs)        0000
__size_of_ISR                      (abs)        0000
__size_of_LCDCHAR                  (abs)        0000
__size_of_LCDNUM                   (abs)        0000
__size_of_LCDWRITE                 (abs)        0000
__size_of_PHCN                     (abs)        0000
__size_of_SOLAR                    (abs)        0000
__size_of_Set_Time_Date            (abs)        0000
__size_of_Update_Current_Date_Time (abs)        0000
__size_of_WIND                     (abs)        0000
__size_of___awdiv                  (abs)        0000
__size_of___awmod                  (abs)        0000
__size_of___lldiv                  (abs)        0000
__size_of___wmul                   (abs)        0000
__size_of_config                   (abs)        0000
__size_of_delay1                   (abs)        0000
__size_of_delay2                   (abs)        0000
__size_of_main                     (abs)        0000
__size_ofi1_DEC_2_BCD              (abs)        0000
__size_ofi1_I2C_Begin              (abs)        0000
__size_ofi1_I2C_End                (abs)        0000
__size_ofi1_I2C_Hold               (abs)        0000
__size_ofi1_I2C_Write              (abs)        0000
__size_ofi1_Set_Time_Date          (abs)        0000
__size_ofi1___awdiv                (abs)        0000
__size_ofi1___awmod                (abs)        0000
__stringbase                       strings      051C
__stringtab                        strings      0517
_biogas_val                        bssBANK0     004A
_combo                             bssBANK0     0046
_config                            text1        0F97
_delay1                            text23       0A4C
_delay2                            text28       0A40
_hour                              bssBANK0     0050
_main                              maintext     003F
_min                               bssBANK0     0052
_nextState                         bssBANK0     0056
_phcn_val                          bssBANK0     0048
_sec                               bssBANK0     0054
_solar_val                         bssBANK0     004C
_wind_val                          bssBANK0     004E
btemp                              (abs)        007E
clear_ram0                         clrtext      0A0B
end_of_initialization              cinit        003B
i1DEC_2_BCD@data                   cstackBANK0  0020
i1DEC_2_BCD@num                    cstackCOMMON 0079
i1I2C_Write@data                   cstackBANK0  0022
i1_DEC_2_BCD                       text35       0BAF
i1_I2C_Begin                       text33       0A13
i1_I2C_End                         text32       0A1C
i1_I2C_Hold                        text34       0A64
i1_I2C_Write                       text31       0A7E
i1_Set_Time_Date                   text30       06FE
i1___awdiv                         text37       0E5F
i1___awdiv@counter                 cstackCOMMON 0075
i1___awdiv@dividend                cstackCOMMON 0072
i1___awdiv@divisor                 cstackCOMMON 0070
i1___awdiv@quotient                cstackCOMMON 0077
i1___awdiv@sign                    cstackCOMMON 0076
i1___awmod                         text36       0DAB
i1___awmod@counter                 cstackCOMMON 0075
i1___awmod@dividend                cstackCOMMON 0072
i1___awmod@divisor                 cstackCOMMON 0070
i1___awmod@sign                    cstackCOMMON 0076
init_fetch0                        inittext     0AAD
init_ram0                          inittext     0AB1
interrupt_function                 intentry     0004
intlevel0                          functab      0000
intlevel1                          functab      0000
intlevel2                          functab      0000
intlevel3                          functab      0000
intlevel4                          functab      0000
intlevel5                          functab      0000
main@out                           cstackBANK0  0042
reset_vec                          reset_vec    0000
saved_w                            (abs)        007E
start                              init         0010
start_initialization               cinit        0013
wtemp0                             (abs)        007E


MODULE INFORMATION

Module		Function		Class		Link	Load	Size
./PIC16F877a_DS3231.h
		_DEC_2_BCD     		CODE           	0C1F	0000	58
		_BCD_2_DEC     		CODE           	0B53	0000	45
		_Update_Current_Date_Time		CODE           	05CC	0000	164
		_Set_Time_Date 		CODE           	0670	0000	142

./PIC16F877a_DS3231.h estimated size: 409

./PIC16F877a_I2C.h
		_I2C_Write     		CODE           	0A8D	0000	15
		_I2C_End       		CODE           	0A2E	0000	9
		_I2C_Read      		CODE           	0B80	0000	47
		_I2C_Hold      		CODE           	0A71	0000	13
		_I2C_Initialize		CODE           	0BE5	0000	58
		_I2C_Begin     		CODE           	0A25	0000	9
		_I2C_Restart   		CODE           	0A37	0000	9

./PIC16F877a_I2C.h estimated size: 160

C:\Program Files\Microchip\xc8\v2.32\pic\sources\c90\common\awmod.c
		___awmod       		CODE           	0E04	0000	91

C:\Program Files\Microchip\xc8\v2.32\pic\sources\c90\common\awmod.c estimated size: 91

shared
		exp@coeff      		STRING         	0000	0000	0
		__stringtab    		STRING         	0517	0000	6
		i1_DEC_2_BCD   		CODE           	0BAF	0000	54
		i1_I2C_Write   		CODE           	0A7E	0000	15
		i1___awdiv     		CODE           	0E5F	0000	103
		__initialization		CODE           	0013	0000	40
		i1___awmod     		CODE           	0DAB	0000	89
		i1_I2C_Begin   		CODE           	0A13	0000	9
		i1_I2C_End     		CODE           	0A1C	0000	9
		log@coeff      		STRING         	0000	0000	0
		i1_I2C_Hold    		CODE           	0A64	0000	13
		i1_Set_Time_Date		CODE           	06FE	0000	142

shared estimated size: 480

./LCDLIBRARY1.h
		_LCDNUM        		CODE           	042D	0000	234
		_CURSOR        		CODE           	0ADD	0000	36
		_LCDCHAR       		CODE           	0B28	0000	43
		_delay2        		CODE           	0A40	0000	12
		_CLOCK         		CODE           	0A9C	0000	17
		_config        		CODE           	0F97	0000	105
		_LCDWRITE      		CODE           	0D5D	0000	78
		_CLRDISP       		CODE           	0AC0	0000	29
		_delay1        		CODE           	0A4C	0000	12

./LCDLIBRARY1.h estimated size: 566

C:\Program Files\Microchip\xc8\v2.32\pic\sources\c90\common\awdiv.c
		___awdiv       		CODE           	0F2E	0000	105

C:\Program Files\Microchip\xc8\v2.32\pic\sources\c90\common\awdiv.c estimated size: 105

C:\Program Files\Microchip\xc8\v2.32\pic\sources\c90\common\Umul16.c
		___wmul        		CODE           	0B01	0000	39

C:\Program Files\Microchip\xc8\v2.32\pic\sources\c90\common\Umul16.c estimated size: 39

main.c
		_PHCN          		CODE           	0C9A	0000	65
		_ISR           		CODE           	078C	0000	115
		_main          		CODE           	003F	0000	1006
		_BIOGAS        		CODE           	0C59	0000	65
		_SOLAR         		CODE           	0CDB	0000	65
		_WIND          		CODE           	0D1C	0000	65

main.c estimated size: 1381

C:\Program Files\Microchip\xc8\v2.32\pic\sources\c90\common\__lldiv.c
		___lldiv       		CODE           	0EC6	0000	104

C:\Program Files\Microchip\xc8\v2.32\pic\sources\c90\common\__lldiv.c estimated size: 104

